<?xml version="1.0" encoding="UTF-8"?>
<TestRun id="689d623f-ebbc-4fab-bd34-25f2c5c099ff" name="JASPER@OMETHEIS 2011-10-04 12:09:08" runUser="OMETHEIS\JASPER" xmlns="http://microsoft.com/schemas/VisualStudio/TeamTest/2010">
  <TestSettings name="Local" id="dd88ff50-7145-4656-9ce6-8fb09aad029c">
    <Description>These are default test settings for a local test run.</Description>
    <Deployment enabled="false" runDeploymentRoot="JASPER_OMETHEIS 2011-10-04 12_09_08">
      <DeploymentItem filename="C:\Users\JASPER\Documents\programmeren\progrPc\libraryExternVisual\The Wizards Binaries\Bins\NewModules.dll" />
      <DeploymentItem filename="C:\Users\JASPER\Documents\programmeren\progrPc\libraryExternVisual\The Wizards Binaries\Bins\Common.Core.dll" />
      <DeploymentItem filename="C:\Users\JASPER\Documents\programmeren\progrPc\projectsVisual\Projects2010\console2\console2\bin\Debug\console2.exe" />
    </Deployment>
    <Execution>
      <TestTypeSpecific />
      <AgentRule name="Execution Agents">
      </AgentRule>
    </Execution>
  </TestSettings>
  <Times creation="2011-10-04T12:09:08.9884724+02:00" queuing="2011-10-04T12:09:15.0076906+02:00" start="2011-10-04T12:09:15.5068915+02:00" finish="2011-10-04T12:09:34.0717302+02:00" />
  <ResultSummary outcome="Error">
    <Counters total="12" executed="2" passed="1" error="0" failed="0" timeout="0" aborted="1" inconclusive="0" passedButRunAborted="0" notRunnable="0" notExecuted="10" disconnected="0" warning="0" completed="0" inProgress="0" pending="0" />
    <RunInfos>
      <RunInfo computerName="OMETHEIS" outcome="Warning" timestamp="2011-10-04T12:09:10.1272744+02:00">
        <Text>Deployment is currently disabled. The deployment item 'console2.exe' on test 'AutoCompleterTest.AutoCompleterTest.getNextStringsTest' was not deployed.</Text>
      </RunInfo>
      <RunInfo computerName="OMETHEIS" outcome="Error" timestamp="2011-10-04T12:09:34.0561301+02:00">
        <Text>Test host process exited unexpectedly.</Text>
      </RunInfo>
    </RunInfos>
  </ResultSummary>
  <TestDefinitions>
    <UnitTest name="getNextStringsTest" storage="c:\users\jasper\documents\programmeren\progrpc\projectsvisual\projects2010\console2\autocompletertest\bin\debug\autocompletertest.dll" id="4c0a0aa6-91ec-56c0-0d1b-79d5083beee0">
      <DeploymentItems>
        <DeploymentItem filename="console2.exe" />
      </DeploymentItems>
      <Execution id="4f582dd3-b230-4219-8ec5-cc5f9f4cb399" />
      <TestMethod codeBase="C:/Users/JASPER/Documents/programmeren/progrPc/projectsVisual/Projects2010/console2/AutoCompleterTest/bin/Debug/AutoCompleterTest.DLL" adapterTypeName="Microsoft.VisualStudio.TestTools.TestTypes.Unit.UnitTestAdapter, Microsoft.VisualStudio.QualityTools.Tips.UnitTest.Adapter, Version=10.0.0.0, Culture=neutral, PublicKeyToken=b03f5f7f11d50a3a" className="AutoCompleterTest.AutoCompleterTest, AutoCompleterTest, Version=1.0.0.0, Culture=neutral, PublicKeyToken=null" name="getNextStringsTest" />
    </UnitTest>
    <UnitTest name="getCompletionItemsOfTextTest" storage="c:\users\jasper\documents\programmeren\progrpc\projectsvisual\projects2010\console2\autocompletertest\bin\debug\autocompletertest.dll" id="5f2f47c3-6b3d-d638-de48-d332c5bdf384">
      <Execution id="e106026b-5f47-4b8d-bc26-c9bd09f4ab74" />
      <TestMethod codeBase="C:/Users/JASPER/Documents/programmeren/progrPc/projectsVisual/Projects2010/console2/AutoCompleterTest/bin/Debug/AutoCompleterTest.DLL" adapterTypeName="Microsoft.VisualStudio.TestTools.TestTypes.Unit.UnitTestAdapter, Microsoft.VisualStudio.QualityTools.Tips.UnitTest.Adapter, Version=10.0.0.0, Culture=neutral, PublicKeyToken=b03f5f7f11d50a3a" className="AutoCompleterTest.AutoCompleterTest, AutoCompleterTest, Version=1.0.0.0, Culture=neutral, PublicKeyToken=null" name="getCompletionItemsOfTextTest" />
    </UnitTest>
    <UnitTest name="getAllFirstBasesStringTest" storage="c:\users\jasper\documents\programmeren\progrpc\projectsvisual\projects2010\console2\autocompletertest\bin\debug\autocompletertest.dll" id="de575754-54e2-8d1c-c6f1-a7190edbadc3">
      <DeploymentItems>
        <DeploymentItem filename="console2.exe" />
      </DeploymentItems>
      <Execution id="8fc24132-a623-468e-a0bb-2555711bdaaa" />
      <TestMethod codeBase="C:/Users/JASPER/Documents/programmeren/progrPc/projectsVisual/Projects2010/console2/AutoCompleterTest/bin/Debug/AutoCompleterTest.DLL" adapterTypeName="Microsoft.VisualStudio.TestTools.TestTypes.Unit.UnitTestAdapter, Microsoft.VisualStudio.QualityTools.Tips.UnitTest.Adapter, Version=10.0.0.0, Culture=neutral, PublicKeyToken=b03f5f7f11d50a3a" className="AutoCompleterTest.AutoCompleterTest, AutoCompleterTest, Version=1.0.0.0, Culture=neutral, PublicKeyToken=null" name="getAllFirstBasesStringTest" />
    </UnitTest>
    <UnitTest name="getNextObjectsTest" storage="c:\users\jasper\documents\programmeren\progrpc\projectsvisual\projects2010\console2\autocompletertest\bin\debug\autocompletertest.dll" id="329812f2-925c-63d9-2938-03f647a06733">
      <DeploymentItems>
        <DeploymentItem filename="console2.exe" />
      </DeploymentItems>
      <Execution id="f27e9965-7565-4a41-8497-6197d65f51cf" />
      <TestMethod codeBase="C:/Users/JASPER/Documents/programmeren/progrPc/projectsVisual/Projects2010/console2/AutoCompleterTest/bin/Debug/AutoCompleterTest.DLL" adapterTypeName="Microsoft.VisualStudio.TestTools.TestTypes.Unit.UnitTestAdapter, Microsoft.VisualStudio.QualityTools.Tips.UnitTest.Adapter, Version=10.0.0.0, Culture=neutral, PublicKeyToken=b03f5f7f11d50a3a" className="AutoCompleterTest.AutoCompleterTest, AutoCompleterTest, Version=1.0.0.0, Culture=neutral, PublicKeyToken=null" name="getNextObjectsTest" />
    </UnitTest>
    <UnitTest name="getAllFirstBasesObjectsTest" storage="c:\users\jasper\documents\programmeren\progrpc\projectsvisual\projects2010\console2\autocompletertest\bin\debug\autocompletertest.dll" id="375966c9-470c-67ac-3e9f-79e444c349ef">
      <DeploymentItems>
        <DeploymentItem filename="console2.exe" />
      </DeploymentItems>
      <Execution id="fffbe855-a894-4151-b8be-dd80189496b2" />
      <TestMethod codeBase="C:/Users/JASPER/Documents/programmeren/progrPc/projectsVisual/Projects2010/console2/AutoCompleterTest/bin/Debug/AutoCompleterTest.DLL" adapterTypeName="Microsoft.VisualStudio.TestTools.TestTypes.Unit.UnitTestAdapter, Microsoft.VisualStudio.QualityTools.Tips.UnitTest.Adapter, Version=10.0.0.0, Culture=neutral, PublicKeyToken=b03f5f7f11d50a3a" className="AutoCompleterTest.AutoCompleterTest, AutoCompleterTest, Version=1.0.0.0, Culture=neutral, PublicKeyToken=null" name="getAllFirstBasesObjectsTest" />
    </UnitTest>
    <UnitTest name="preInterpreteTest" storage="c:\users\jasper\documents\programmeren\progrpc\projectsvisual\projects2010\console2\autocompletertest\bin\debug\autocompletertest.dll" id="611760a0-3927-a68c-3bc5-fc499d9a86a3">
      <Execution id="f7c36ceb-12cd-47e0-b9dc-2de7d0f6d1e4" />
      <TestMethod codeBase="C:/Users/JASPER/Documents/programmeren/progrPc/projectsVisual/Projects2010/console2/AutoCompleterTest/bin/Debug/AutoCompleterTest.DLL" adapterTypeName="Microsoft.VisualStudio.TestTools.TestTypes.Unit.UnitTestAdapter, Microsoft.VisualStudio.QualityTools.Tips.UnitTest.Adapter, Version=10.0.0.0, Culture=neutral, PublicKeyToken=b03f5f7f11d50a3a" className="AutoCompleterTest.PreInterpreterTest, AutoCompleterTest, Version=1.0.0.0, Culture=neutral, PublicKeyToken=null" name="preInterpreteTest" />
    </UnitTest>
    <UnitTest name="seperateTestPart1" storage="c:\users\jasper\documents\programmeren\progrpc\projectsvisual\projects2010\console2\autocompletertest\bin\debug\autocompletertest.dll" id="b7c1c319-391d-ad58-970d-bc1e7b095641">
      <Execution id="7a6ec6d3-2ec3-4958-86fe-566d43c328d8" />
      <TestMethod codeBase="C:/Users/JASPER/Documents/programmeren/progrPc/projectsVisual/Projects2010/console2/AutoCompleterTest/bin/Debug/AutoCompleterTest.DLL" adapterTypeName="Microsoft.VisualStudio.TestTools.TestTypes.Unit.UnitTestAdapter, Microsoft.VisualStudio.QualityTools.Tips.UnitTest.Adapter, Version=10.0.0.0, Culture=neutral, PublicKeyToken=b03f5f7f11d50a3a" className="AutoCompleterTest.ExecutionNodeTest, AutoCompleterTest, Version=1.0.0.0, Culture=neutral, PublicKeyToken=null" name="seperateTestPart1" />
    </UnitTest>
    <UnitTest name="getListedItemsOfTextTest" storage="c:\users\jasper\documents\programmeren\progrpc\projectsvisual\projects2010\console2\autocompletertest\bin\debug\autocompletertest.dll" id="465b132f-a25d-fde8-b6cb-03927ceb30f6">
      <DeploymentItems>
        <DeploymentItem filename="console2.exe" />
      </DeploymentItems>
      <Execution id="8aed10be-ebd1-42c7-b075-ef10d21fc86e" />
      <TestMethod codeBase="C:/Users/JASPER/Documents/programmeren/progrPc/projectsVisual/Projects2010/console2/AutoCompleterTest/bin/Debug/AutoCompleterTest.DLL" adapterTypeName="Microsoft.VisualStudio.TestTools.TestTypes.Unit.UnitTestAdapter, Microsoft.VisualStudio.QualityTools.Tips.UnitTest.Adapter, Version=10.0.0.0, Culture=neutral, PublicKeyToken=b03f5f7f11d50a3a" className="AutoCompleterTest.AutoCompleterTest, AutoCompleterTest, Version=1.0.0.0, Culture=neutral, PublicKeyToken=null" name="getListedItemsOfTextTest" />
    </UnitTest>
    <UnitTest name="getPossibleItemsOutOfTextItemsTest" storage="c:\users\jasper\documents\programmeren\progrpc\projectsvisual\projects2010\console2\autocompletertest\bin\debug\autocompletertest.dll" id="6f68c000-8a6a-ce03-bf40-96c33fea81c7">
      <DeploymentItems>
        <DeploymentItem filename="console2.exe" />
      </DeploymentItems>
      <Execution id="759f6eba-0f0f-426e-b56e-4d2769ca68d1" />
      <TestMethod codeBase="C:/Users/JASPER/Documents/programmeren/progrPc/projectsVisual/Projects2010/console2/AutoCompleterTest/bin/Debug/AutoCompleterTest.DLL" adapterTypeName="Microsoft.VisualStudio.TestTools.TestTypes.Unit.UnitTestAdapter, Microsoft.VisualStudio.QualityTools.Tips.UnitTest.Adapter, Version=10.0.0.0, Culture=neutral, PublicKeyToken=b03f5f7f11d50a3a" className="AutoCompleterTest.AutoCompleterTest, AutoCompleterTest, Version=1.0.0.0, Culture=neutral, PublicKeyToken=null" name="getPossibleItemsOutOfTextItemsTest" />
    </UnitTest>
    <UnitTest name="getStringOfTypeTest" storage="c:\users\jasper\documents\programmeren\progrpc\projectsvisual\projects2010\console2\autocompletertest\bin\debug\autocompletertest.dll" id="e4860dda-7020-4653-4854-5c0e5cbc8385">
      <Execution id="a01a1b01-bd01-4869-b27c-e062684c223f" />
      <TestMethod codeBase="C:/Users/JASPER/Documents/programmeren/progrPc/projectsVisual/Projects2010/console2/AutoCompleterTest/bin/Debug/AutoCompleterTest.DLL" adapterTypeName="Microsoft.VisualStudio.TestTools.TestTypes.Unit.UnitTestAdapter, Microsoft.VisualStudio.QualityTools.Tips.UnitTest.Adapter, Version=10.0.0.0, Culture=neutral, PublicKeyToken=b03f5f7f11d50a3a" className="AutoCompleterTest.PluginHanddlerTest, AutoCompleterTest, Version=1.0.0.0, Culture=neutral, PublicKeyToken=null" name="getStringOfTypeTest" />
    </UnitTest>
    <UnitTest name="getListOfSubStringTest" storage="c:\users\jasper\documents\programmeren\progrpc\projectsvisual\projects2010\console2\autocompletertest\bin\debug\autocompletertest.dll" id="1e3dacc3-cfe5-3aa8-f6ee-d65ac422e569">
      <DeploymentItems>
        <DeploymentItem filename="console2.exe" />
      </DeploymentItems>
      <Execution id="7ae3e973-11a4-4414-a67e-8c5151cca253" />
      <TestMethod codeBase="C:/Users/JASPER/Documents/programmeren/progrPc/projectsVisual/Projects2010/console2/AutoCompleterTest/bin/Debug/AutoCompleterTest.DLL" adapterTypeName="Microsoft.VisualStudio.TestTools.TestTypes.Unit.UnitTestAdapter, Microsoft.VisualStudio.QualityTools.Tips.UnitTest.Adapter, Version=10.0.0.0, Culture=neutral, PublicKeyToken=b03f5f7f11d50a3a" className="AutoCompleterTest.AutoCompleterTest, AutoCompleterTest, Version=1.0.0.0, Culture=neutral, PublicKeyToken=null" name="getListOfSubStringTest" />
    </UnitTest>
    <UnitTest name="getStartIndexTest" storage="c:\users\jasper\documents\programmeren\progrpc\projectsvisual\projects2010\console2\autocompletertest\bin\debug\autocompletertest.dll" id="d601350c-ce63-65ae-ad74-b02f683cf86d">
      <DeploymentItems>
        <DeploymentItem filename="console2.exe" />
      </DeploymentItems>
      <Execution id="7e6f37c5-d67b-460d-971a-ba84c7b671c7" />
      <TestMethod codeBase="C:/Users/JASPER/Documents/programmeren/progrPc/projectsVisual/Projects2010/console2/AutoCompleterTest/bin/Debug/AutoCompleterTest.DLL" adapterTypeName="Microsoft.VisualStudio.TestTools.TestTypes.Unit.UnitTestAdapter, Microsoft.VisualStudio.QualityTools.Tips.UnitTest.Adapter, Version=10.0.0.0, Culture=neutral, PublicKeyToken=b03f5f7f11d50a3a" className="AutoCompleterTest.AutoCompleterTest, AutoCompleterTest, Version=1.0.0.0, Culture=neutral, PublicKeyToken=null" name="getStartIndexTest" />
    </UnitTest>
  </TestDefinitions>
  <TestLists>
    <TestList name="Results Not in a List" id="8c84fa94-04c1-424b-9868-57a2d4851a1d" />
    <TestList name="All Loaded Results" id="19431567-8539-422a-85d7-44ee4e166bda" />
  </TestLists>
  <TestEntries>
    <TestEntry testId="b7c1c319-391d-ad58-970d-bc1e7b095641" executionId="7a6ec6d3-2ec3-4958-86fe-566d43c328d8" testListId="8c84fa94-04c1-424b-9868-57a2d4851a1d" />
    <TestEntry testId="e4860dda-7020-4653-4854-5c0e5cbc8385" executionId="a01a1b01-bd01-4869-b27c-e062684c223f" testListId="8c84fa94-04c1-424b-9868-57a2d4851a1d" />
    <TestEntry testId="5f2f47c3-6b3d-d638-de48-d332c5bdf384" executionId="e106026b-5f47-4b8d-bc26-c9bd09f4ab74" testListId="8c84fa94-04c1-424b-9868-57a2d4851a1d" />
    <TestEntry testId="465b132f-a25d-fde8-b6cb-03927ceb30f6" executionId="8aed10be-ebd1-42c7-b075-ef10d21fc86e" testListId="8c84fa94-04c1-424b-9868-57a2d4851a1d" />
    <TestEntry testId="1e3dacc3-cfe5-3aa8-f6ee-d65ac422e569" executionId="7ae3e973-11a4-4414-a67e-8c5151cca253" testListId="8c84fa94-04c1-424b-9868-57a2d4851a1d" />
    <TestEntry testId="d601350c-ce63-65ae-ad74-b02f683cf86d" executionId="7e6f37c5-d67b-460d-971a-ba84c7b671c7" testListId="8c84fa94-04c1-424b-9868-57a2d4851a1d" />
    <TestEntry testId="329812f2-925c-63d9-2938-03f647a06733" executionId="f27e9965-7565-4a41-8497-6197d65f51cf" testListId="8c84fa94-04c1-424b-9868-57a2d4851a1d" />
    <TestEntry testId="4c0a0aa6-91ec-56c0-0d1b-79d5083beee0" executionId="4f582dd3-b230-4219-8ec5-cc5f9f4cb399" testListId="8c84fa94-04c1-424b-9868-57a2d4851a1d" />
    <TestEntry testId="6f68c000-8a6a-ce03-bf40-96c33fea81c7" executionId="759f6eba-0f0f-426e-b56e-4d2769ca68d1" testListId="8c84fa94-04c1-424b-9868-57a2d4851a1d" />
    <TestEntry testId="de575754-54e2-8d1c-c6f1-a7190edbadc3" executionId="8fc24132-a623-468e-a0bb-2555711bdaaa" testListId="8c84fa94-04c1-424b-9868-57a2d4851a1d" />
    <TestEntry testId="375966c9-470c-67ac-3e9f-79e444c349ef" executionId="fffbe855-a894-4151-b8be-dd80189496b2" testListId="8c84fa94-04c1-424b-9868-57a2d4851a1d" />
    <TestEntry testId="611760a0-3927-a68c-3bc5-fc499d9a86a3" executionId="f7c36ceb-12cd-47e0-b9dc-2de7d0f6d1e4" testListId="8c84fa94-04c1-424b-9868-57a2d4851a1d" />
  </TestEntries>
  <Results>
    <UnitTestResult executionId="7a6ec6d3-2ec3-4958-86fe-566d43c328d8" testId="b7c1c319-391d-ad58-970d-bc1e7b095641" testName="seperateTestPart1" computerName="OMETHEIS" duration="00:00:00.0371168" startTime="2011-10-04T12:09:15.7564919+02:00" endTime="2011-10-04T12:09:17.6137012+02:00" testType="13cdc9d9-ddb5-4fa4-a97d-d965ccfc6d4b" outcome="Passed" testListId="8c84fa94-04c1-424b-9868-57a2d4851a1d" relativeResultsDirectory="7a6ec6d3-2ec3-4958-86fe-566d43c328d8">
    </UnitTestResult>
    <UnitTestResult executionId="a01a1b01-bd01-4869-b27c-e062684c223f" testId="e4860dda-7020-4653-4854-5c0e5cbc8385" testName="getStringOfTypeTest" computerName="OMETHEIS" duration="00:00:16.4268289" startTime="2011-10-04T12:09:17.6449013+02:00" endTime="2011-10-04T12:09:34.0717302+02:00" testType="13cdc9d9-ddb5-4fa4-a97d-d965ccfc6d4b" outcome="Aborted" testListId="8c84fa94-04c1-424b-9868-57a2d4851a1d" relativeResultsDirectory="a01a1b01-bd01-4869-b27c-e062684c223f">
    </UnitTestResult>
    <UnitTestResult executionId="e106026b-5f47-4b8d-bc26-c9bd09f4ab74" testId="5f2f47c3-6b3d-d638-de48-d332c5bdf384" testName="getCompletionItemsOfTextTest" computerName="OMETHEIS" testType="13cdc9d9-ddb5-4fa4-a97d-d965ccfc6d4b" outcome="NotExecuted" testListId="8c84fa94-04c1-424b-9868-57a2d4851a1d" relativeResultsDirectory="e106026b-5f47-4b8d-bc26-c9bd09f4ab74">
    </UnitTestResult>
    <UnitTestResult executionId="8aed10be-ebd1-42c7-b075-ef10d21fc86e" testId="465b132f-a25d-fde8-b6cb-03927ceb30f6" testName="getListedItemsOfTextTest" computerName="OMETHEIS" testType="13cdc9d9-ddb5-4fa4-a97d-d965ccfc6d4b" outcome="NotExecuted" testListId="8c84fa94-04c1-424b-9868-57a2d4851a1d" relativeResultsDirectory="8aed10be-ebd1-42c7-b075-ef10d21fc86e">
    </UnitTestResult>
    <UnitTestResult executionId="7ae3e973-11a4-4414-a67e-8c5151cca253" testId="1e3dacc3-cfe5-3aa8-f6ee-d65ac422e569" testName="getListOfSubStringTest" computerName="OMETHEIS" testType="13cdc9d9-ddb5-4fa4-a97d-d965ccfc6d4b" outcome="NotExecuted" testListId="8c84fa94-04c1-424b-9868-57a2d4851a1d" relativeResultsDirectory="7ae3e973-11a4-4414-a67e-8c5151cca253">
    </UnitTestResult>
    <UnitTestResult executionId="7e6f37c5-d67b-460d-971a-ba84c7b671c7" testId="d601350c-ce63-65ae-ad74-b02f683cf86d" testName="getStartIndexTest" computerName="OMETHEIS" testType="13cdc9d9-ddb5-4fa4-a97d-d965ccfc6d4b" outcome="NotExecuted" testListId="8c84fa94-04c1-424b-9868-57a2d4851a1d" relativeResultsDirectory="7e6f37c5-d67b-460d-971a-ba84c7b671c7">
    </UnitTestResult>
    <UnitTestResult executionId="f27e9965-7565-4a41-8497-6197d65f51cf" testId="329812f2-925c-63d9-2938-03f647a06733" testName="getNextObjectsTest" computerName="OMETHEIS" testType="13cdc9d9-ddb5-4fa4-a97d-d965ccfc6d4b" outcome="NotExecuted" testListId="8c84fa94-04c1-424b-9868-57a2d4851a1d" relativeResultsDirectory="f27e9965-7565-4a41-8497-6197d65f51cf">
    </UnitTestResult>
    <UnitTestResult executionId="4f582dd3-b230-4219-8ec5-cc5f9f4cb399" testId="4c0a0aa6-91ec-56c0-0d1b-79d5083beee0" testName="getNextStringsTest" computerName="OMETHEIS" testType="13cdc9d9-ddb5-4fa4-a97d-d965ccfc6d4b" outcome="NotExecuted" testListId="8c84fa94-04c1-424b-9868-57a2d4851a1d" relativeResultsDirectory="4f582dd3-b230-4219-8ec5-cc5f9f4cb399">
    </UnitTestResult>
    <UnitTestResult executionId="759f6eba-0f0f-426e-b56e-4d2769ca68d1" testId="6f68c000-8a6a-ce03-bf40-96c33fea81c7" testName="getPossibleItemsOutOfTextItemsTest" computerName="OMETHEIS" testType="13cdc9d9-ddb5-4fa4-a97d-d965ccfc6d4b" outcome="NotExecuted" testListId="8c84fa94-04c1-424b-9868-57a2d4851a1d" relativeResultsDirectory="759f6eba-0f0f-426e-b56e-4d2769ca68d1">
    </UnitTestResult>
    <UnitTestResult executionId="8fc24132-a623-468e-a0bb-2555711bdaaa" testId="de575754-54e2-8d1c-c6f1-a7190edbadc3" testName="getAllFirstBasesStringTest" computerName="OMETHEIS" testType="13cdc9d9-ddb5-4fa4-a97d-d965ccfc6d4b" outcome="NotExecuted" testListId="8c84fa94-04c1-424b-9868-57a2d4851a1d" relativeResultsDirectory="8fc24132-a623-468e-a0bb-2555711bdaaa">
    </UnitTestResult>
    <UnitTestResult executionId="fffbe855-a894-4151-b8be-dd80189496b2" testId="375966c9-470c-67ac-3e9f-79e444c349ef" testName="getAllFirstBasesObjectsTest" computerName="OMETHEIS" testType="13cdc9d9-ddb5-4fa4-a97d-d965ccfc6d4b" outcome="NotExecuted" testListId="8c84fa94-04c1-424b-9868-57a2d4851a1d" relativeResultsDirectory="fffbe855-a894-4151-b8be-dd80189496b2">
    </UnitTestResult>
    <UnitTestResult executionId="f7c36ceb-12cd-47e0-b9dc-2de7d0f6d1e4" testId="611760a0-3927-a68c-3bc5-fc499d9a86a3" testName="preInterpreteTest" computerName="OMETHEIS" testType="13cdc9d9-ddb5-4fa4-a97d-d965ccfc6d4b" outcome="NotExecuted" testListId="8c84fa94-04c1-424b-9868-57a2d4851a1d" relativeResultsDirectory="f7c36ceb-12cd-47e0-b9dc-2de7d0f6d1e4">
    </UnitTestResult>
  </Results>
</TestRun>